// Jest Snapshot v1, https://goo.gl/fbAQLP

exports[`Loader component should render loader 1`] = `
<div
  aria-busy="true"
  class="css-q3dffh"
  role="alert"
>
  <div />
  <div />
  <div />
  <div />
</div>
`;
